// Jest Snapshot v1, https://goo.gl/fbAQLP

exports[`renders correctly 1`] = `
<div
  className="loading-indicator"
>
  <img
    alt="Loading Indicator"
    src={
      Object {
        "process": [Function],
      }
    }
  />
</div>
`;
