// Jest Snapshot v1, https://goo.gl/fbAQLP

exports[`renders correctly 1`] = `
<div
  className="modal"
>
  <div
    className="modal-content"
  >
    <span
      className="close-button"
    />
  </div>
</div>
`;
