// Jest Snapshot v1, https://goo.gl/fbAQLP

exports[`renders correctly 1`] = `
<div
  className="suggestive-input"
>
  <div
    className="wrap"
  >
    <span
      className="icon"
    />
    <input
      autoFocus={true}
    />
  </div>
  <ul>
    1
    2
    3
  </ul>
</div>
`;
